I'm sorry, but errors were detected in your script. Please correct the
errors listed below, and try again.


File "game/script.rpy", line 2: expected statement.
    queen = Character("Liana")
          ^

File "game/script.rpy", line 3: expected statement.
    char = Character("[character-name]")
         ^

File "game/scripts/prolouge.rpy", line 2: expected statement.
    slaver1 = Character("Illian")
            ^

File "game/scripts/prolouge.rpy", line 3: expected statement.
    slaver2 = Character("Cimile")
            ^

Ren'Py Version: Ren'Py 7.5.2.22081402
Wed Aug 31 23:33:23 2022
